// Jest Snapshot v1, https://goo.gl/fbAQLP

exports[`<StyledErrorText /> should render and match the snapshot 1`] = `
<div
  class="error-text__StyledErrorText-sc-15bi5cr-0 jDHVSR"
/>
`;
