// Jest Snapshot v1, https://goo.gl/fbAQLP

exports[`<Button /> should render and match the snapshot 1`] = `
<button
  class="button__StyledButton-sc-1bg6su4-0 hygGZF"
/>
`;
